
There are no discarded input sections

Memory Configuration

Name             Origin             Length             Attributes
SRAM             0x20000000         0x00018000         xrw
FLASH            0x08000000         0x00080000         rw
*default*        0x00000000         0xffffffff

Linker script and memory map

LOAD gen/gpio.o
LOAD gen/main.o
LOAD gen/rcc.o
LOAD gen/startup.o
                0x20018000                        _end_stack_memory = (ORIGIN (SRAM) + LENGTH (SRAM))

.isr_vector     0x08000000       0x34
                0x08000000                        . = ALIGN (0x4)
 *(.isr_vector)
 .isr_vector    0x08000000       0x34 gen/startup.o
                0x08000000                vector_table

.text           0x08000034      0x1a8
                0x08000034                        . = ALIGN (0x4)
 *(.text)
 .text          0x08000034       0xd4 gen/gpio.o
                0x08000034                GPIO_SetMode
                0x0800009c                GPIO_WritePin
 .text          0x08000108       0x44 gen/main.o
                0x08000108                wait_ms
                0x08000144                main
 .text          0x0800014c       0x22 gen/rcc.o
                0x0800014c                RCC_init
                0x08000158                RCC_EnableClock
 *fill*         0x0800016e        0x2 
 .text          0x08000170       0x6c gen/startup.o
                0x08000170                reset_handler
                0x080001d4                UART2_handler
                0x080001d4                EXTI15_10_handler
                0x080001d4                DMA1_Stream7_handler
                0x080001d4                UART1_handler
                0x080001d4                TIM1_UP_TIM10_handler
                0x080001d4                EXTI0_handler
                0x080001d4                DMA1_Stream1_handler
                0x080001d4                SDIO_handler
                0x080001d4                NMI_handler
                0x080001d4                DMA2_Stream3_handler
                0x080001d4                TIM2_handler
                0x080001d4                SPI3_handler
                0x080001d4                TIM3_handler
                0x080001d4                WWDG_handler
                0x080001d4                UART6_handler
                0x080001d4                SPI2_handler
                0x080001d4                UsuageFault_handler
                0x080001d4                SVCall_handler
                0x080001d4                DMA2_Stream6_handler
                0x080001d4                DebugMonitor_handler
                0x080001d4                I2C3_ER_handler
                0x080001d4                DMA1_Stream3_handler
                0x080001d4                MemManage_handler
                0x080001d4                SPI4_handler
                0x080001d4                HardFault_handler
                0x080001d4                DMA1_Stream5_handler
                0x080001d4                FPU_handler
                0x080001d4                DMA2_Stream5_handler
                0x080001d4                EXITI21_TAMP_STAMP_handler
                0x080001d4                EXTI18_OTG_FS_WKUP_handler
                0x080001d4                RCC_handler
                0x080001d4                Systick_handler
                0x080001d4                EXTI2_handler
                0x080001d4                DMA2_Stream1_handler
                0x080001d4                I2C1_ER_handler
                0x080001d4                EXTI9_5__handler
                0x080001d4                EXTI17_RTC_Alarm_handler
                0x080001d4                I2C2_EV_handler
                0x080001d4                EXITI22_RTC_WKUP_handler
                0x080001d4                EXTI3_handler
                0x080001d4                DMA2_Stream0_handler
                0x080001d4                FLASH_handler
                0x080001d4                OTG_FS_handler
                0x080001d4                DMA1_Stream4_handler
                0x080001d4                I2C2_ER_handler
                0x080001d4                TIM1_BRK_TIM9_handler
                0x080001d4                TIM4_handler
                0x080001d4                DMA1_Stream2_handler
                0x080001d4                EXTI4_handler
                0x080001d4                DMA1_Stream6_handler
                0x080001d4                ADC_handler
                0x080001d4                I2C1_EV_handler
                0x080001d4                SPI1_handler
                0x080001d4                DMA2_Stream4_handler
                0x080001d4                PendSV_handler
                0x080001d4                DMA2_Stream7_handler
                0x080001d4                DMA1_Stream0_handler
                0x080001d4                DMA2_Stream2_handler
                0x080001d4                EXTI1_handler
                0x080001d4                TIM1_TRG_COM_TIM11_handler
                0x080001d4                TIM5_handler
                0x080001d4                EXITI16_PVD__handler
                0x080001d4                I2C3_EV_handler
                0x080001d4                BusFault_handler
                0x080001d4                TIM1_CC_handler
                0x080001d4                Default_handler
 *(.text.*)
 *(.rodata)
 *(.rodata.*)
                0x080001dc                        _start_data_section_init = LOADADDR (.data)

.glue_7         0x080001dc        0x0
 .glue_7        0x080001dc        0x0 linker stubs

.glue_7t        0x080001dc        0x0
 .glue_7t       0x080001dc        0x0 linker stubs

.vfp11_veneer   0x080001dc        0x0
 .vfp11_veneer  0x080001dc        0x0 linker stubs

.v4_bx          0x080001dc        0x0
 .v4_bx         0x080001dc        0x0 linker stubs

.iplt           0x080001dc        0x0
 .iplt          0x080001dc        0x0 gen/gpio.o

.rel.dyn        0x080001dc        0x0
 .rel.iplt      0x080001dc        0x0 gen/gpio.o

.data           0x20000000       0x28 load address 0x080001dc
                0x20000000                        . = ALIGN (0x4)
                0x20000000                        _start_data_section_rt = .
 *(.data)
 .data          0x20000000       0x14 gen/gpio.o
 .data          0x20000014       0x14 gen/main.o
 .data          0x20000028        0x0 gen/rcc.o
 .data          0x20000028        0x0 gen/startup.o
 *(.data.*)
                0x20000028                        . = ALIGN (0x4)
                0x20000028                        _end_data_section_rt = .

.igot.plt       0x20000028        0x0 load address 0x08000204
 .igot.plt      0x20000028        0x0 gen/gpio.o

.bss            0x20000028        0x0 load address 0x08000204
                0x20000028                        . = ALIGN (0x4)
                0x20000028                        _start_bss_section = .
 *(.bss)
 .bss           0x20000028        0x0 gen/gpio.o
 .bss           0x20000028        0x0 gen/main.o
 .bss           0x20000028        0x0 gen/rcc.o
 .bss           0x20000028        0x0 gen/startup.o
 *(.bss.*)
                0x20000028                        . = ALIGN (0x4)
                0x20000028                        _end_bss_section = .
OUTPUT(gen/debug/main.elf elf32-littlearm)
LOAD linker stubs

.debug_info     0x00000000      0x862
 .debug_info    0x00000000      0x450 gen/gpio.o
 .debug_info    0x00000450      0x1b6 gen/main.o
 .debug_info    0x00000606       0xef gen/rcc.o
 .debug_info    0x000006f5      0x16d gen/startup.o

.debug_abbrev   0x00000000      0x3a7
 .debug_abbrev  0x00000000      0x10e gen/gpio.o
 .debug_abbrev  0x0000010e       0xef gen/main.o
 .debug_abbrev  0x000001fd       0x9c gen/rcc.o
 .debug_abbrev  0x00000299      0x10e gen/startup.o

.debug_aranges  0x00000000       0x80
 .debug_aranges
                0x00000000       0x20 gen/gpio.o
 .debug_aranges
                0x00000020       0x20 gen/main.o
 .debug_aranges
                0x00000040       0x20 gen/rcc.o
 .debug_aranges
                0x00000060       0x20 gen/startup.o

.debug_rnglists
                0x00000000       0x17
 .debug_rnglists
                0x00000000       0x17 gen/gpio.o

.debug_line     0x00000000      0x3b2
 .debug_line    0x00000000      0x12d gen/gpio.o
 .debug_line    0x0000012d       0xe4 gen/main.o
 .debug_line    0x00000211       0xba gen/rcc.o
 .debug_line    0x000002cb       0xe7 gen/startup.o

.debug_str      0x00000000      0x43a
 .debug_str     0x00000000      0x43a gen/gpio.o
                                0x32d (size before relaxing)
 .debug_str     0x0000043a      0x209 gen/main.o
 .debug_str     0x0000043a      0x1a2 gen/rcc.o
 .debug_str     0x0000043a      0x223 gen/startup.o

.comment        0x00000000       0x44
 .comment       0x00000000       0x44 gen/gpio.o
                                 0x45 (size before relaxing)
 .comment       0x00000044       0x45 gen/main.o
 .comment       0x00000044       0x45 gen/rcc.o
 .comment       0x00000044       0x45 gen/startup.o

.ARM.attributes
                0x00000000       0x2e
 .ARM.attributes
                0x00000000       0x2e gen/gpio.o
 .ARM.attributes
                0x0000002e       0x2e gen/main.o
 .ARM.attributes
                0x0000005c       0x2e gen/rcc.o
 .ARM.attributes
                0x0000008a       0x2e gen/startup.o

.debug_frame    0x00000000      0x154
 .debug_frame   0x00000000       0x60 gen/gpio.o
 .debug_frame   0x00000060       0x50 gen/main.o
 .debug_frame   0x000000b0       0x58 gen/rcc.o
 .debug_frame   0x00000108       0x4c gen/startup.o
