
There are no discarded input sections

Memory Configuration

Name             Origin             Length             Attributes
SRAM             0x20000000         0x00018000         xrw
FLASH            0x08000000         0x00080000         rw
*default*        0x00000000         0xffffffff

Linker script and memory map

LOAD gen/gpio.o
LOAD gen/main.o
LOAD gen/rcc.o
LOAD gen/startup.o
                0x20018000                        _end_stack_memory = (ORIGIN (SRAM) + LENGTH (SRAM))

.isr_vector     0x08000000       0x34
                0x08000000                        . = ALIGN (0x4)
 *(.isr_vector)
 .isr_vector    0x08000000       0x34 gen/startup.o
                0x08000000                vector_table

.text           0x08000034      0x1ec
                0x08000034                        . = ALIGN (0x4)
 *(.text)
 .text          0x08000034       0xd4 gen/gpio.o
                0x08000034                GPIO_SetMode
                0x0800009c                GPIO_WritePin
 .text          0x08000108       0x88 gen/main.o
                0x08000108                GPIO_init
                0x08000124                wait_ms
                0x08000160                main
 .text          0x08000190       0x22 gen/rcc.o
                0x08000190                RCC_init
                0x0800019c                RCC_EnableClock
 *fill*         0x080001b2        0x2 
 .text          0x080001b4       0x6c gen/startup.o
                0x080001b4                reset_handler
                0x08000218                UART2_handler
                0x08000218                EXTI15_10_handler
                0x08000218                DMA1_Stream7_handler
                0x08000218                UART1_handler
                0x08000218                TIM1_UP_TIM10_handler
                0x08000218                EXTI0_handler
                0x08000218                DMA1_Stream1_handler
                0x08000218                SDIO_handler
                0x08000218                NMI_handler
                0x08000218                DMA2_Stream3_handler
                0x08000218                TIM2_handler
                0x08000218                SPI3_handler
                0x08000218                TIM3_handler
                0x08000218                WWDG_handler
                0x08000218                UART6_handler
                0x08000218                SPI2_handler
                0x08000218                UsuageFault_handler
                0x08000218                SVCall_handler
                0x08000218                DMA2_Stream6_handler
                0x08000218                DebugMonitor_handler
                0x08000218                I2C3_ER_handler
                0x08000218                DMA1_Stream3_handler
                0x08000218                MemManage_handler
                0x08000218                SPI4_handler
                0x08000218                HardFault_handler
                0x08000218                DMA1_Stream5_handler
                0x08000218                FPU_handler
                0x08000218                DMA2_Stream5_handler
                0x08000218                EXITI21_TAMP_STAMP_handler
                0x08000218                EXTI18_OTG_FS_WKUP_handler
                0x08000218                RCC_handler
                0x08000218                Systick_handler
                0x08000218                EXTI2_handler
                0x08000218                DMA2_Stream1_handler
                0x08000218                I2C1_ER_handler
                0x08000218                EXTI9_5__handler
                0x08000218                EXTI17_RTC_Alarm_handler
                0x08000218                I2C2_EV_handler
                0x08000218                EXITI22_RTC_WKUP_handler
                0x08000218                EXTI3_handler
                0x08000218                DMA2_Stream0_handler
                0x08000218                FLASH_handler
                0x08000218                OTG_FS_handler
                0x08000218                DMA1_Stream4_handler
                0x08000218                I2C2_ER_handler
                0x08000218                TIM1_BRK_TIM9_handler
                0x08000218                TIM4_handler
                0x08000218                DMA1_Stream2_handler
                0x08000218                EXTI4_handler
                0x08000218                DMA1_Stream6_handler
                0x08000218                ADC_handler
                0x08000218                I2C1_EV_handler
                0x08000218                SPI1_handler
                0x08000218                DMA2_Stream4_handler
                0x08000218                PendSV_handler
                0x08000218                DMA2_Stream7_handler
                0x08000218                DMA1_Stream0_handler
                0x08000218                DMA2_Stream2_handler
                0x08000218                EXTI1_handler
                0x08000218                TIM1_TRG_COM_TIM11_handler
                0x08000218                TIM5_handler
                0x08000218                EXITI16_PVD__handler
                0x08000218                I2C3_EV_handler
                0x08000218                BusFault_handler
                0x08000218                TIM1_CC_handler
                0x08000218                Default_handler
 *(.text.*)
 *(.rodata)
 *(.rodata.*)
                0x08000220                        _start_data_section_init = LOADADDR (.data)

.glue_7         0x08000220        0x0
 .glue_7        0x08000220        0x0 linker stubs

.glue_7t        0x08000220        0x0
 .glue_7t       0x08000220        0x0 linker stubs

.vfp11_veneer   0x08000220        0x0
 .vfp11_veneer  0x08000220        0x0 linker stubs

.v4_bx          0x08000220        0x0
 .v4_bx         0x08000220        0x0 linker stubs

.iplt           0x08000220        0x0
 .iplt          0x08000220        0x0 gen/gpio.o

.rel.dyn        0x08000220        0x0
 .rel.iplt      0x08000220        0x0 gen/gpio.o

.data           0x20000000       0x28 load address 0x08000220
                0x20000000                        . = ALIGN (0x4)
                0x20000000                        _start_data_section_rt = .
 *(.data)
 .data          0x20000000       0x14 gen/gpio.o
 .data          0x20000014       0x14 gen/main.o
 .data          0x20000028        0x0 gen/rcc.o
 .data          0x20000028        0x0 gen/startup.o
 *(.data.*)
                0x20000028                        . = ALIGN (0x4)
                0x20000028                        _end_data_section_rt = .

.igot.plt       0x20000028        0x0 load address 0x08000248
 .igot.plt      0x20000028        0x0 gen/gpio.o

.bss            0x20000028        0x0 load address 0x08000248
                0x20000028                        . = ALIGN (0x4)
                0x20000028                        _start_bss_section = .
 *(.bss)
 .bss           0x20000028        0x0 gen/gpio.o
 .bss           0x20000028        0x0 gen/main.o
 .bss           0x20000028        0x0 gen/rcc.o
 .bss           0x20000028        0x0 gen/startup.o
 *(.bss.*)
                0x20000028                        . = ALIGN (0x4)
                0x20000028                        _end_bss_section = .
OUTPUT(gen/debug/main.elf elf32-littlearm)
LOAD linker stubs

.debug_info     0x00000000      0xba7
 .debug_info    0x00000000      0x450 gen/gpio.o
 .debug_info    0x00000450      0x4fb gen/main.o
 .debug_info    0x0000094b       0xef gen/rcc.o
 .debug_info    0x00000a3a      0x16d gen/startup.o

.debug_abbrev   0x00000000      0x407
 .debug_abbrev  0x00000000      0x10e gen/gpio.o
 .debug_abbrev  0x0000010e      0x14f gen/main.o
 .debug_abbrev  0x0000025d       0x9c gen/rcc.o
 .debug_abbrev  0x000002f9      0x10e gen/startup.o

.debug_aranges  0x00000000       0x80
 .debug_aranges
                0x00000000       0x20 gen/gpio.o
 .debug_aranges
                0x00000020       0x20 gen/main.o
 .debug_aranges
                0x00000040       0x20 gen/rcc.o
 .debug_aranges
                0x00000060       0x20 gen/startup.o

.debug_rnglists
                0x00000000       0x17
 .debug_rnglists
                0x00000000       0x17 gen/gpio.o

.debug_line     0x00000000      0x3d3
 .debug_line    0x00000000      0x12d gen/gpio.o
 .debug_line    0x0000012d      0x105 gen/main.o
 .debug_line    0x00000232       0xba gen/rcc.o
 .debug_line    0x000002ec       0xe7 gen/startup.o

.debug_str      0x00000000      0x4bc
 .debug_str     0x00000000      0x4bc gen/gpio.o
                                0x31f (size before relaxing)
 .debug_str     0x000004bc      0x39b gen/main.o
 .debug_str     0x000004bc      0x194 gen/rcc.o
 .debug_str     0x000004bc      0x215 gen/startup.o

.comment        0x00000000       0x44
 .comment       0x00000000       0x44 gen/gpio.o
                                 0x45 (size before relaxing)
 .comment       0x00000044       0x45 gen/main.o
 .comment       0x00000044       0x45 gen/rcc.o
 .comment       0x00000044       0x45 gen/startup.o

.ARM.attributes
                0x00000000       0x2e
 .ARM.attributes
                0x00000000       0x2e gen/gpio.o
 .ARM.attributes
                0x0000002e       0x2e gen/main.o
 .ARM.attributes
                0x0000005c       0x2e gen/rcc.o
 .ARM.attributes
                0x0000008a       0x2e gen/startup.o

.debug_frame    0x00000000      0x178
 .debug_frame   0x00000000       0x60 gen/gpio.o
 .debug_frame   0x00000060       0x74 gen/main.o
 .debug_frame   0x000000d4       0x58 gen/rcc.o
 .debug_frame   0x0000012c       0x4c gen/startup.o
